// Jest Snapshot v1, https://goo.gl/fbAQLP

exports[`NameGenerator yields deterministic results 1`] = `
Array [
  "King Alfonso",
  "Yuri II",
  "Raymond, Prince of Antioch",
  "King Alfonso",
  "Prince John",
  "Vikramaditya I",
  "Smoke Monkey",
  "Cuauhtemoc",
  "Govind Tai",
  "Dil Na'od",
]
`;
