// Jest Snapshot v1, https://goo.gl/fbAQLP

exports[`NameGenerator yields deterministic results 1`] = `
Array [
  "King Alfonso",
  "Soumaba Cisse",
  "General Khalid",
  "King Alfonso",
  "Mu Gui-ying",
  "Wenshunu",
  "General Kim Yu-shin",
  "Lady Great Skull Zero",
  "Temimino",
  "Dharmasetu",
]
`;
