// Vitest Snapshot v1, https://vitest.dev/guide/snapshot.html

exports[`preset from valid pojo works 1`] = `
Preset {
  "categoryLimits": {
    "ban": {},
    "pick": {},
  },
  "encodedCivilisations": "1",
  "name": "some-name",
  "presetId": undefined,
  "turns": [
    Turn {
      "action": "PICK",
      "categories": [
        "default",
      ],
      "exclusivity": "NONEXCLUSIVE",
      "executingPlayer": "GUEST",
      "hidden": false,
      "id": "mocked-uuid",
      "parallel": false,
      "player": "GUEST",
    },
  ],
}
`;
