// Jest Snapshot v1, https://goo.gl/fbAQLP

exports[`Transforms legacy draft replay format 1`] = `
Object {
  "events": Array [
    PlayerEvent {
      "actionType": "pick",
      "chosenOptionId": "Aztecs",
      "executingPlayer": "HOST",
      "isRandomlyChosen": false,
      "offset": 1395,
      "player": "HOST",
    },
    PlayerEvent {
      "actionType": "pick",
      "chosenOptionId": "Berbers",
      "executingPlayer": "GUEST",
      "isRandomlyChosen": false,
      "offset": 2710,
      "player": "GUEST",
    },
    PlayerEvent {
      "actionType": "pick",
      "chosenOptionId": "Britons",
      "executingPlayer": "GUEST",
      "isRandomlyChosen": false,
      "offset": 3375,
      "player": "GUEST",
    },
    PlayerEvent {
      "actionType": "pick",
      "chosenOptionId": "Bulgarians",
      "executingPlayer": "HOST",
      "isRandomlyChosen": false,
      "offset": 4512,
      "player": "HOST",
    },
    PlayerEvent {
      "actionType": "pick",
      "chosenOptionId": "Burmese",
      "executingPlayer": "HOST",
      "isRandomlyChosen": false,
      "offset": 5069,
      "player": "HOST",
    },
    PlayerEvent {
      "actionType": "pick",
      "chosenOptionId": "Byzantines",
      "executingPlayer": "GUEST",
      "isRandomlyChosen": false,
      "offset": 6061,
      "player": "GUEST",
    },
    PlayerEvent {
      "actionType": "pick",
      "chosenOptionId": "Celts",
      "executingPlayer": "GUEST",
      "isRandomlyChosen": false,
      "offset": 6719,
      "player": "GUEST",
    },
    PlayerEvent {
      "actionType": "pick",
      "chosenOptionId": "Chinese",
      "executingPlayer": "HOST",
      "isRandomlyChosen": false,
      "offset": 7622,
      "player": "HOST",
    },
    PlayerEvent {
      "actionType": "pick",
      "chosenOptionId": "Cumans",
      "executingPlayer": "HOST",
      "isRandomlyChosen": false,
      "offset": 8950,
      "player": "HOST",
    },
    PlayerEvent {
      "actionType": "pick",
      "chosenOptionId": "Ethiopians",
      "executingPlayer": "GUEST",
      "isRandomlyChosen": false,
      "offset": 10311,
      "player": "GUEST",
    },
    PlayerEvent {
      "actionType": "pick",
      "chosenOptionId": "Franks",
      "executingPlayer": "GUEST",
      "isRandomlyChosen": true,
      "offset": 11515,
      "player": "GUEST",
    },
    PlayerEvent {
      "actionType": "pick",
      "chosenOptionId": "Goths",
      "executingPlayer": "HOST",
      "isRandomlyChosen": false,
      "offset": 12679,
      "player": "HOST",
    },
    PlayerEvent {
      "actionType": "pick",
      "chosenOptionId": "Huns",
      "executingPlayer": "HOST",
      "isRandomlyChosen": false,
      "offset": 13324,
      "player": "HOST",
    },
    PlayerEvent {
      "actionType": "pick",
      "chosenOptionId": "Incas",
      "executingPlayer": "GUEST",
      "isRandomlyChosen": false,
      "offset": 18113,
      "player": "GUEST",
    },
    PlayerEvent {
      "actionType": "snipe",
      "chosenOptionId": "Byzantines",
      "executingPlayer": "HOST",
      "isRandomlyChosen": false,
      "offset": 19752,
      "player": "HOST",
    },
    PlayerEvent {
      "actionType": "snipe",
      "chosenOptionId": "Celts",
      "executingPlayer": "HOST",
      "isRandomlyChosen": false,
      "offset": 20646,
      "player": "HOST",
    },
    PlayerEvent {
      "actionType": "snipe",
      "chosenOptionId": "Huns",
      "executingPlayer": "GUEST",
      "isRandomlyChosen": true,
      "offset": 22145,
      "player": "GUEST",
    },
    PlayerEvent {
      "actionType": "snipe",
      "chosenOptionId": "Goths",
      "executingPlayer": "GUEST",
      "isRandomlyChosen": false,
      "offset": 23261,
      "player": "GUEST",
    },
    Object {
      "action": "REVEAL_SNIPES",
      "offset": 25269,
      "player": "NONE",
    },
  ],
  "guestConnected": false,
  "guestReady": true,
  "hostConnected": false,
  "hostReady": true,
  "nameGuest": "Mohammad Shah",
  "nameHost": "Sultan Sanjar",
  "nextAction": 19,
  "preset": Object {
    "encodedCivilisations": "7ffffffff",
    "name": "LAT AMERICA INVITAT",
    "turns": Array [
      Object {
        "action": "PICK",
        "exclusivity": "GLOBAL",
        "hidden": false,
        "id": "5cf13f8d-fefd-41bf-8be7-b98b53377cec",
        "parallel": false,
        "player": "HOST",
      },
      Object {
        "action": "PICK",
        "exclusivity": "GLOBAL",
        "hidden": false,
        "id": "c492ae70-b6e2-4d2f-bace-fa3e49ab8be3",
        "parallel": false,
        "player": "GUEST",
      },
      Object {
        "action": "PICK",
        "exclusivity": "GLOBAL",
        "hidden": false,
        "id": "e04f294f-9bd6-4907-afcf-bc877cff3cc5",
        "parallel": false,
        "player": "GUEST",
      },
      Object {
        "action": "PICK",
        "exclusivity": "GLOBAL",
        "hidden": false,
        "id": "a366d64b-18eb-4f88-ab33-b691f6ab2e77",
        "parallel": false,
        "player": "HOST",
      },
      Object {
        "action": "PICK",
        "exclusivity": "GLOBAL",
        "hidden": false,
        "id": "d781a89a-894d-434c-be4c-59bde9c527f3",
        "parallel": false,
        "player": "HOST",
      },
      Object {
        "action": "PICK",
        "exclusivity": "GLOBAL",
        "hidden": false,
        "id": "e66c6fe0-10bd-484f-8404-c99629167017",
        "parallel": false,
        "player": "GUEST",
      },
      Object {
        "action": "PICK",
        "exclusivity": "GLOBAL",
        "hidden": false,
        "id": "ae76b9fe-f89d-4f02-8605-fc06b2ad8d32",
        "parallel": false,
        "player": "GUEST",
      },
      Object {
        "action": "PICK",
        "exclusivity": "GLOBAL",
        "hidden": false,
        "id": "e92b9b5c-da2d-4e58-8391-82a9cf45f6b5",
        "parallel": false,
        "player": "HOST",
      },
      Object {
        "action": "PICK",
        "exclusivity": "GLOBAL",
        "hidden": false,
        "id": "3332fa77-ddb9-4cb2-b3eb-35590eb97cb4",
        "parallel": false,
        "player": "HOST",
      },
      Object {
        "action": "PICK",
        "exclusivity": "GLOBAL",
        "hidden": false,
        "id": "a54e3267-a043-46a7-8444-7d0d14629086",
        "parallel": false,
        "player": "GUEST",
      },
      Object {
        "action": "PICK",
        "exclusivity": "GLOBAL",
        "hidden": false,
        "id": "516cf7d9-be86-4c1e-8b2b-528747b6f8e8",
        "parallel": false,
        "player": "GUEST",
      },
      Object {
        "action": "PICK",
        "exclusivity": "GLOBAL",
        "hidden": false,
        "id": "609ae9ca-18c2-48bc-8009-c0409331c7ea",
        "parallel": false,
        "player": "HOST",
      },
      Object {
        "action": "PICK",
        "exclusivity": "GLOBAL",
        "hidden": false,
        "id": "338d52ae-f078-42d4-98b4-169fea319586",
        "parallel": false,
        "player": "HOST",
      },
      Object {
        "action": "PICK",
        "exclusivity": "GLOBAL",
        "hidden": false,
        "id": "c0beb8d8-55d4-46fd-b1d0-9e26f5238a54",
        "parallel": false,
        "player": "GUEST",
      },
      Object {
        "action": "SNIPE",
        "exclusivity": "GLOBAL",
        "hidden": true,
        "id": "621993a4-5f12-4a7b-933a-25c39a06f532",
        "parallel": false,
        "player": "HOST",
      },
      Object {
        "action": "SNIPE",
        "exclusivity": "GLOBAL",
        "hidden": true,
        "id": "72899512-6df4-4cd2-a75d-1399a43bb72b",
        "parallel": false,
        "player": "HOST",
      },
      Object {
        "action": "SNIPE",
        "exclusivity": "GLOBAL",
        "hidden": true,
        "id": "6a50dac4-ec52-4878-830e-bb8766b26cca",
        "parallel": false,
        "player": "GUEST",
      },
      Object {
        "action": "SNIPE",
        "exclusivity": "GLOBAL",
        "hidden": true,
        "id": "c43342a1-b058-4936-80a8-479211e83101",
        "parallel": false,
        "player": "GUEST",
      },
      Object {
        "action": "REVEAL_SNIPES",
        "exclusivity": "GLOBAL",
        "hidden": false,
        "id": "70a00e51-4399-41c0-92ba-835262343e48",
        "parallel": false,
        "player": "NONE",
      },
    ],
  },
  "startTimestamp": 0,
}
`;
