// Jest Snapshot v1, https://goo.gl/fbAQLP

exports[`successful join gets a draft config 1`] = `
Object {
  "events": Array [],
  "guestReady": false,
  "hostReady": true,
  "language": "en-GB",
  "nameGuest": "…",
  "nameHost": "Saladin",
  "nextAction": 0,
  "preset": Object {
    "civilisations": Array [
      Object {
        "gameVersion": 2,
        "isRandomlyChosenCiv": false,
        "name": "Aztecs",
      },
      Object {
        "gameVersion": 4,
        "isRandomlyChosenCiv": false,
        "name": "Berbers",
      },
      Object {
        "gameVersion": 1,
        "isRandomlyChosenCiv": false,
        "name": "Britons",
      },
      Object {
        "gameVersion": 5,
        "isRandomlyChosenCiv": false,
        "name": "Burmese",
      },
      Object {
        "gameVersion": 1,
        "isRandomlyChosenCiv": false,
        "name": "Byzantines",
      },
      Object {
        "gameVersion": 1,
        "isRandomlyChosenCiv": false,
        "name": "Celts",
      },
      Object {
        "gameVersion": 1,
        "isRandomlyChosenCiv": false,
        "name": "Chinese",
      },
      Object {
        "gameVersion": 4,
        "isRandomlyChosenCiv": false,
        "name": "Ethiopians",
      },
      Object {
        "gameVersion": 1,
        "isRandomlyChosenCiv": false,
        "name": "Franks",
      },
      Object {
        "gameVersion": 1,
        "isRandomlyChosenCiv": false,
        "name": "Goths",
      },
      Object {
        "gameVersion": 2,
        "isRandomlyChosenCiv": false,
        "name": "Huns",
      },
      Object {
        "gameVersion": 3,
        "isRandomlyChosenCiv": false,
        "name": "Incas",
      },
      Object {
        "gameVersion": 3,
        "isRandomlyChosenCiv": false,
        "name": "Indians",
      },
      Object {
        "gameVersion": 3,
        "isRandomlyChosenCiv": false,
        "name": "Italians",
      },
      Object {
        "gameVersion": 1,
        "isRandomlyChosenCiv": false,
        "name": "Japanese",
      },
      Object {
        "gameVersion": 5,
        "isRandomlyChosenCiv": false,
        "name": "Khmer",
      },
      Object {
        "gameVersion": 2,
        "isRandomlyChosenCiv": false,
        "name": "Koreans",
      },
      Object {
        "gameVersion": 3,
        "isRandomlyChosenCiv": false,
        "name": "Magyars",
      },
      Object {
        "gameVersion": 5,
        "isRandomlyChosenCiv": false,
        "name": "Malay",
      },
      Object {
        "gameVersion": 4,
        "isRandomlyChosenCiv": false,
        "name": "Malians",
      },
      Object {
        "gameVersion": 2,
        "isRandomlyChosenCiv": false,
        "name": "Mayans",
      },
      Object {
        "gameVersion": 1,
        "isRandomlyChosenCiv": false,
        "name": "Mongols",
      },
      Object {
        "gameVersion": 1,
        "isRandomlyChosenCiv": false,
        "name": "Persians",
      },
      Object {
        "gameVersion": 4,
        "isRandomlyChosenCiv": false,
        "name": "Portuguese",
      },
      Object {
        "gameVersion": 1,
        "isRandomlyChosenCiv": false,
        "name": "Saracens",
      },
      Object {
        "gameVersion": 3,
        "isRandomlyChosenCiv": false,
        "name": "Slavs",
      },
      Object {
        "gameVersion": 2,
        "isRandomlyChosenCiv": false,
        "name": "Spanish",
      },
      Object {
        "gameVersion": 1,
        "isRandomlyChosenCiv": false,
        "name": "Teutons",
      },
      Object {
        "gameVersion": 1,
        "isRandomlyChosenCiv": false,
        "name": "Turks",
      },
      Object {
        "gameVersion": 5,
        "isRandomlyChosenCiv": false,
        "name": "Vietnamese",
      },
      Object {
        "gameVersion": 1,
        "isRandomlyChosenCiv": false,
        "name": "Vikings",
      },
    ],
    "name": "Default Preset",
    "turns": Array [
      Object {
        "action": "GLOBAL_BAN",
        "player": "HOST",
      },
      Object {
        "action": "GLOBAL_BAN",
        "player": "GUEST",
      },
      Object {
        "action": "HIDDEN_BAN",
        "player": "HOST",
      },
      Object {
        "action": "HIDDEN_BAN",
        "player": "GUEST",
      },
      Object {
        "action": "REVEAL_ALL",
        "player": "NONE",
      },
      Object {
        "action": "GLOBAL_PICK",
        "player": "HOST",
      },
      Object {
        "action": "GLOBAL_PICK",
        "player": "GUEST",
      },
      Object {
        "action": "PICK",
        "player": "HOST",
      },
      Object {
        "action": "PICK",
        "player": "GUEST",
      },
      Object {
        "action": "HIDDEN_PICK",
        "player": "HOST",
      },
      Object {
        "action": "HIDDEN_PICK",
        "player": "GUEST",
      },
      Object {
        "action": "HIDDEN_PICK",
        "player": "HOST",
      },
      Object {
        "action": "HIDDEN_PICK",
        "player": "GUEST",
      },
      Object {
        "action": "HIDDEN_PICK",
        "player": "HOST",
      },
      Object {
        "action": "HIDDEN_PICK",
        "player": "GUEST",
      },
      Object {
        "action": "HIDDEN_PICK",
        "player": "HOST",
      },
      Object {
        "action": "HIDDEN_PICK",
        "player": "GUEST",
      },
      Object {
        "action": "REVEAL_ALL",
        "player": "NONE",
      },
      Object {
        "action": "HIDDEN_SNIPE",
        "player": "HOST",
      },
      Object {
        "action": "HIDDEN_SNIPE",
        "player": "GUEST",
      },
      Object {
        "action": "REVEAL_ALL",
        "player": "NONE",
      },
    ],
  },
  "yourPlayerType": "HOST",
}
`;
