// Jest Snapshot v1, https://goo.gl/fbAQLP

exports[`CivGrid renders correctly 1`] = `
<div>
  <div
    className="chooser card"
    id="civgrid"
  >
    <div
      className="pure-g chooser-grid box-content"
    >
      <Connect(CivPanel)
        active={false}
        civPanelType="choice"
        civilisation={
          Civilisation {
            "gameVersion": 2,
            "name": "Aztecs",
          }
        }
      />
      <Connect(CivPanel)
        active={false}
        civPanelType="choice"
        civilisation={
          Civilisation {
            "gameVersion": 4,
            "name": "Berbers",
          }
        }
      />
      <Connect(CivPanel)
        active={false}
        civPanelType="choice"
        civilisation={
          Civilisation {
            "gameVersion": 1,
            "name": "Britons",
          }
        }
      />
      <Connect(CivPanel)
        active={false}
        civPanelType="choice"
        civilisation={
          Civilisation {
            "gameVersion": 5,
            "name": "Burmese",
          }
        }
      />
      <Connect(CivPanel)
        active={false}
        civPanelType="choice"
        civilisation={
          Civilisation {
            "gameVersion": 1,
            "name": "Byzantines",
          }
        }
      />
      <Connect(CivPanel)
        active={false}
        civPanelType="choice"
        civilisation={
          Civilisation {
            "gameVersion": 1,
            "name": "Celts",
          }
        }
      />
      <Connect(CivPanel)
        active={false}
        civPanelType="choice"
        civilisation={
          Civilisation {
            "gameVersion": 1,
            "name": "Chinese",
          }
        }
      />
      <Connect(CivPanel)
        active={false}
        civPanelType="choice"
        civilisation={
          Civilisation {
            "gameVersion": 4,
            "name": "Ethiopians",
          }
        }
      />
      <Connect(CivPanel)
        active={false}
        civPanelType="choice"
        civilisation={
          Civilisation {
            "gameVersion": 1,
            "name": "Franks",
          }
        }
      />
      <Connect(CivPanel)
        active={false}
        civPanelType="choice"
        civilisation={
          Civilisation {
            "gameVersion": 1,
            "name": "Goths",
          }
        }
      />
      <Connect(CivPanel)
        active={false}
        civPanelType="choice"
        civilisation={
          Civilisation {
            "gameVersion": 2,
            "name": "Huns",
          }
        }
      />
      <Connect(CivPanel)
        active={false}
        civPanelType="choice"
        civilisation={
          Civilisation {
            "gameVersion": 3,
            "name": "Incas",
          }
        }
      />
      <Connect(CivPanel)
        active={false}
        civPanelType="choice"
        civilisation={
          Civilisation {
            "gameVersion": 3,
            "name": "Indians",
          }
        }
      />
      <Connect(CivPanel)
        active={false}
        civPanelType="choice"
        civilisation={
          Civilisation {
            "gameVersion": 3,
            "name": "Italians",
          }
        }
      />
      <Connect(CivPanel)
        active={false}
        civPanelType="choice"
        civilisation={
          Civilisation {
            "gameVersion": 1,
            "name": "Japanese",
          }
        }
      />
      <Connect(CivPanel)
        active={false}
        civPanelType="choice"
        civilisation={
          Civilisation {
            "gameVersion": 5,
            "name": "Khmer",
          }
        }
      />
      <Connect(CivPanel)
        active={false}
        civPanelType="choice"
        civilisation={
          Civilisation {
            "gameVersion": 2,
            "name": "Koreans",
          }
        }
      />
      <Connect(CivPanel)
        active={false}
        civPanelType="choice"
        civilisation={
          Civilisation {
            "gameVersion": 3,
            "name": "Magyars",
          }
        }
      />
      <Connect(CivPanel)
        active={false}
        civPanelType="choice"
        civilisation={
          Civilisation {
            "gameVersion": 5,
            "name": "Malay",
          }
        }
      />
      <Connect(CivPanel)
        active={false}
        civPanelType="choice"
        civilisation={
          Civilisation {
            "gameVersion": 4,
            "name": "Malians",
          }
        }
      />
      <Connect(CivPanel)
        active={false}
        civPanelType="choice"
        civilisation={
          Civilisation {
            "gameVersion": 2,
            "name": "Mayans",
          }
        }
      />
      <Connect(CivPanel)
        active={false}
        civPanelType="choice"
        civilisation={
          Civilisation {
            "gameVersion": 1,
            "name": "Mongols",
          }
        }
      />
      <Connect(CivPanel)
        active={false}
        civPanelType="choice"
        civilisation={
          Civilisation {
            "gameVersion": 1,
            "name": "Persians",
          }
        }
      />
      <Connect(CivPanel)
        active={false}
        civPanelType="choice"
        civilisation={
          Civilisation {
            "gameVersion": 4,
            "name": "Portuguese",
          }
        }
      />
      <Connect(CivPanel)
        active={false}
        civPanelType="choice"
        civilisation={
          Civilisation {
            "gameVersion": 1,
            "name": "Saracens",
          }
        }
      />
      <Connect(CivPanel)
        active={false}
        civPanelType="choice"
        civilisation={
          Civilisation {
            "gameVersion": 3,
            "name": "Slavs",
          }
        }
      />
      <Connect(CivPanel)
        active={false}
        civPanelType="choice"
        civilisation={
          Civilisation {
            "gameVersion": 2,
            "name": "Spanish",
          }
        }
      />
      <Connect(CivPanel)
        active={false}
        civPanelType="choice"
        civilisation={
          Civilisation {
            "gameVersion": 1,
            "name": "Teutons",
          }
        }
      />
      <Connect(CivPanel)
        active={false}
        civPanelType="choice"
        civilisation={
          Civilisation {
            "gameVersion": 1,
            "name": "Turks",
          }
        }
      />
      <Connect(CivPanel)
        active={false}
        civPanelType="choice"
        civilisation={
          Civilisation {
            "gameVersion": 5,
            "name": "Vietnamese",
          }
        }
      />
      <Connect(CivPanel)
        active={false}
        civPanelType="choice"
        civilisation={
          Civilisation {
            "gameVersion": 1,
            "name": "Vikings",
          }
        }
      />
    </div>
    <div
      className="card-background"
    >
      cbg
    </div>
  </div>
</div>
`;
