// Jest Snapshot v1, https://goo.gl/fbAQLP

exports[`Draft renders correctly 1`] = `
<Draft
  i18n={Object {}}
  nameGuest="Beastly Barbarossa"
  nameHost="Sneaky Saladin"
  nextAction={0}
  preset={
    Preset {
      "encodedCivilisations": "7fffffff",
      "name": "Default Preset",
      "turns": Array [
        Turn {
          "action": "GLOBAL_BAN",
          "player": "HOST",
        },
        Turn {
          "action": "GLOBAL_BAN",
          "player": "GUEST",
        },
        Turn {
          "action": "HIDDEN_BAN",
          "player": "HOST",
        },
        Turn {
          "action": "HIDDEN_BAN",
          "player": "GUEST",
        },
        Turn {
          "action": "REVEAL_ALL",
          "player": "NONE",
        },
        Turn {
          "action": "GLOBAL_PICK",
          "player": "HOST",
        },
        Turn {
          "action": "GLOBAL_PICK",
          "player": "GUEST",
        },
        Turn {
          "action": "PICK",
          "player": "HOST",
        },
        Turn {
          "action": "PICK",
          "player": "GUEST",
        },
        Turn {
          "action": "HIDDEN_PICK",
          "player": "HOST",
        },
        Turn {
          "action": "HIDDEN_PICK",
          "player": "GUEST",
        },
        Turn {
          "action": "HIDDEN_PICK",
          "player": "HOST",
        },
        Turn {
          "action": "HIDDEN_PICK",
          "player": "GUEST",
        },
        Turn {
          "action": "HIDDEN_PICK",
          "player": "HOST",
        },
        Turn {
          "action": "HIDDEN_PICK",
          "player": "GUEST",
        },
        Turn {
          "action": "HIDDEN_PICK",
          "player": "HOST",
        },
        Turn {
          "action": "HIDDEN_PICK",
          "player": "GUEST",
        },
        Turn {
          "action": "REVEAL_ALL",
          "player": "NONE",
        },
        Turn {
          "action": "HIDDEN_SNIPE",
          "player": "HOST",
        },
        Turn {
          "action": "HIDDEN_SNIPE",
          "player": "GUEST",
        },
        Turn {
          "action": "REVEAL_ALL",
          "player": "NONE",
        },
      ],
    }
  }
  t={[Function]}
  tReady={true}
  whoAmI="HOST"
/>
`;
