// Jest Snapshot v1, https://goo.gl/fbAQLP

exports[`Player renders correctly 1`] = `
<div
  className="pure-u-1-2"
>
  <div
    className="double-outer-border"
    id="player-host"
  >
    <div
      className="double-inner-border"
    >
      <div
        className="player"
      >
        <div
          className="head-text"
        >
          HOST
        </div>
        <div
          className="player-head"
        >
          <div
            className="player-name"
          >
            Host Player Name
          </div>
        </div>
        <div
          className="chosen"
        >
          <div
            className="head-text"
          >
            Picks
          </div>
          <div
            className="picks"
          >
            <Connect(CivPanel)
              actionType="pick"
              active={false}
            />
            <Connect(CivPanel)
              actionType="pick"
              active={false}
            />
            <Connect(CivPanel)
              actionType="pick"
              active={false}
            />
            <Connect(CivPanel)
              actionType="pick"
              active={false}
            />
            <Connect(CivPanel)
              actionType="pick"
              active={false}
            />
            <Connect(CivPanel)
              actionType="pick"
              active={false}
            />
          </div>
          <div
            className="head-text"
          >
            Bans
          </div>
          <div
            className="bans"
          >
            <Connect(CivPanel)
              actionType="ban"
              active={false}
            />
            <Connect(CivPanel)
              actionType="ban"
              active={false}
            />
          </div>
        </div>
      </div>
    </div>
  </div>
</div>
`;
