// Jest Snapshot v1, https://goo.gl/fbAQLP

exports[`CivGrid renders correctly 1`] = `
<TurnRow
  i18n={Object {}}
  t={[Function]}
  tReady={true}
  turns={
    Array [
      Turn {
        "action": "GLOBAL_BAN",
        "player": "HOST",
      },
      Turn {
        "action": "GLOBAL_BAN",
        "player": "GUEST",
      },
      Turn {
        "action": "HIDDEN_BAN",
        "player": "HOST",
      },
      Turn {
        "action": "HIDDEN_BAN",
        "player": "GUEST",
      },
      Turn {
        "action": "REVEAL_BANS",
        "player": "NONE",
      },
      Turn {
        "action": "HIDDEN_PICK",
        "player": "HOST",
      },
      Turn {
        "action": "HIDDEN_PICK",
        "player": "GUEST",
      },
      Turn {
        "action": "HIDDEN_PICK",
        "player": "HOST",
      },
      Turn {
        "action": "HIDDEN_PICK",
        "player": "GUEST",
      },
      Turn {
        "action": "HIDDEN_PICK",
        "player": "HOST",
      },
      Turn {
        "action": "HIDDEN_PICK",
        "player": "GUEST",
      },
      Turn {
        "action": "HIDDEN_PICK",
        "player": "HOST",
      },
      Turn {
        "action": "HIDDEN_PICK",
        "player": "GUEST",
      },
      Turn {
        "action": "HIDDEN_PICK",
        "player": "HOST",
      },
      Turn {
        "action": "HIDDEN_PICK",
        "player": "GUEST",
      },
      Turn {
        "action": "HIDDEN_PICK",
        "player": "HOST",
      },
      Turn {
        "action": "HIDDEN_PICK",
        "player": "GUEST",
      },
      Turn {
        "action": "REVEAL_PICKS",
        "player": "NONE",
      },
      Turn {
        "action": "HIDDEN_SNIPE",
        "player": "HOST",
      },
      Turn {
        "action": "HIDDEN_SNIPE",
        "player": "GUEST",
      },
      Turn {
        "action": "REVEAL_ALL",
        "player": "NONE",
      },
    ]
  }
/>
`;
