// Jest Snapshot v1, https://goo.gl/fbAQLP

exports[`CivGrid renders correctly 1`] = `
<div
  className="turn-row"
>
  <div
    className="pure-g"
  >
    <div
      className="pure-u-1-24 arrow-start"
    >
      <div>
        Start
      </div>
    </div>
    <Turn
      turn={
        Turn {
          "action": "GLOBAL_BAN",
          "player": "HOST",
        }
      }
      turnNumber={0}
    />
    <Turn
      turn={
        Turn {
          "action": "GLOBAL_BAN",
          "player": "GUEST",
        }
      }
      turnNumber={1}
    />
    <Turn
      turn={
        Turn {
          "action": "HIDDEN_BAN",
          "player": "HOST",
        }
      }
      turnNumber={2}
    />
    <Turn
      turn={
        Turn {
          "action": "HIDDEN_BAN",
          "player": "GUEST",
        }
      }
      turnNumber={3}
    />
    <Turn
      turn={
        Turn {
          "action": "REVEAL_BANS",
          "player": "NONE",
        }
      }
      turnNumber={4}
    />
    <Turn
      turn={
        Turn {
          "action": "HIDDEN_PICK",
          "player": "HOST",
        }
      }
      turnNumber={5}
    />
    <Turn
      turn={
        Turn {
          "action": "HIDDEN_PICK",
          "player": "GUEST",
        }
      }
      turnNumber={6}
    />
    <Turn
      turn={
        Turn {
          "action": "HIDDEN_PICK",
          "player": "HOST",
        }
      }
      turnNumber={7}
    />
    <Turn
      turn={
        Turn {
          "action": "HIDDEN_PICK",
          "player": "GUEST",
        }
      }
      turnNumber={8}
    />
    <Turn
      turn={
        Turn {
          "action": "HIDDEN_PICK",
          "player": "HOST",
        }
      }
      turnNumber={9}
    />
    <Turn
      turn={
        Turn {
          "action": "HIDDEN_PICK",
          "player": "GUEST",
        }
      }
      turnNumber={10}
    />
    <Turn
      turn={
        Turn {
          "action": "HIDDEN_PICK",
          "player": "HOST",
        }
      }
      turnNumber={11}
    />
    <Turn
      turn={
        Turn {
          "action": "HIDDEN_PICK",
          "player": "GUEST",
        }
      }
      turnNumber={12}
    />
    <Turn
      turn={
        Turn {
          "action": "HIDDEN_PICK",
          "player": "HOST",
        }
      }
      turnNumber={13}
    />
    <Turn
      turn={
        Turn {
          "action": "HIDDEN_PICK",
          "player": "GUEST",
        }
      }
      turnNumber={14}
    />
    <Turn
      turn={
        Turn {
          "action": "HIDDEN_PICK",
          "player": "HOST",
        }
      }
      turnNumber={15}
    />
    <Turn
      turn={
        Turn {
          "action": "HIDDEN_PICK",
          "player": "GUEST",
        }
      }
      turnNumber={16}
    />
    <Turn
      turn={
        Turn {
          "action": "REVEAL_PICKS",
          "player": "NONE",
        }
      }
      turnNumber={17}
    />
    <Turn
      turn={
        Turn {
          "action": "HIDDEN_SNIPE",
          "player": "HOST",
        }
      }
      turnNumber={18}
    />
    <Turn
      turn={
        Turn {
          "action": "HIDDEN_SNIPE",
          "player": "GUEST",
        }
      }
      turnNumber={19}
    />
    <Turn
      turn={
        Turn {
          "action": "REVEAL_ALL",
          "player": "NONE",
        }
      }
      turnNumber={20}
    />
    <div
      className="pure-u-1-24 arrow-end"
    >
      <div>
        <span>
          End
        </span>
      </div>
    </div>
    <div
      className="pure-u-1-24"
      id="firefox-bug"
    >
       
    </div>
  </div>
</div>
`;
